---
source: tests/ipc_contract.rs
expression: "commands.join(\"\\n\")"
---
ble_status
broadcast_intent
cancel_intent
enter_mesh
guardian_approve_unlock
guardian_candidates
guardian_deny_unlock
guardian_enroll
guardian_request_unlock
guardian_status
intent_detail
intent_form_options
intent_proof
list_intents
list_nearby_nodes
market_buy
market_list_module
market_listings
market_my_deals
market_refund_deal
market_release_deal
mesh_snapshot
parse_intent_chat
preview_intent
profile_summary
security_disable_passphrase
security_enable_passphrase
security_status
security_unlock
session_status
set_offline_mode
settle_intent
subscribe_mesh_log
subscribe_settlement_log
unsubscribe
vault_assets
vault_equip_module
vault_export_key
vault_identities
vault_import_key
vault_keys
vault_loadout
vault_modules
vault_redeem_module
vault_unequip_module
