---
source: tests/ipc_contract.rs
expression: "shape(&vec![ModuleListingActionView\n{\n    state: ModuleListingStateView::Listed\n    {\n        verified_block: \"42113010\".into(), listing: OwnedModuleListingView\n        {\n            listing_id: \"900719925474099312346\".into(), token_id:\n            \"900719925474099312345\".into(), collection:\n            \"0x00000000000000000000000000000000000000a7\".into(), seller:\n            \"0x00000000000000000000000000000000000000b8\".into(), price_wei:\n            \"2400000000000000000\".into(), price_avax: \"2.40\".into(),\n        },\n    }, operation: ModuleListingOperationView::ListingConfirmed, tx_hash:\n    Some(format!(\"0x{}\", \"ab\".repeat(32))),\n}, ModuleListingActionView\n{\n    state: ModuleListingStateView::DealRulesActive\n    { verified_block: \"42113011\".into(), }, operation:\n    ModuleListingOperationView::DealRulesActive, tx_hash: None,\n},])"
---
[
  {
    "state": {
      "status": "listed",
      "verifiedBlock": "42113010",
      "listing": {
        "listingId": "900719925474099312346",
        "tokenId": "900719925474099312345",
        "collection": "0x00000000000000000000000000000000000000a7",
        "seller": "0x00000000000000000000000000000000000000b8",
        "priceWei": "2400000000000000000",
        "priceAvax": "2.40"
      }
    },
    "operation": "listing_confirmed",
    "txHash": "0xabababababababababababababababababababababababababababababababab"
  },
  {
    "state": {
      "status": "deal_rules_active",
      "verifiedBlock": "42113011"
    },
    "operation": "deal_rules_active",
    "txHash": null
  }
]
