---
source: tests/ipc_contract.rs
expression: "commands.join(\"\\n\")"
---
approve_module_listing
ble_status
broadcast_intent
buy_module_listing
cancel_intent
cancel_module_listing
create_module_listing
enter_mesh
equip_module
intent_affordability
intent_detail
intent_form_options
intent_proof
list_intents
list_nearby_nodes
market_modules
mesh_snapshot
module_deals
module_listing_status
module_loadout
module_purchase_quote
preview_intent
profile_summary
propose_intent
refund_module_deal
release_module_deal
request_module_refund
session_status
set_offline_mode
settle_intent
subscribe_mesh_log
subscribe_settlement_log
unequip_module
unsubscribe
vault_assets
vault_identities
vault_keys
vault_modules
