---
source: tests/ipc_contract.rs
expression: "commands.join(\"\\n\")"
---
ble_status
broadcast_intent
cancel_intent
enter_mesh
equip_module
intent_affordability
intent_detail
intent_form_options
intent_proof
list_intents
list_nearby_nodes
market_modules
mesh_snapshot
module_loadout
preview_intent
profile_summary
propose_intent
session_status
set_offline_mode
settle_intent
subscribe_mesh_log
subscribe_settlement_log
unequip_module
unsubscribe
vault_assets
vault_identities
vault_keys
vault_modules
